
> vite_react_shadcn_ts@0.0.0 build
> vite build

node.exe : [31merror during build:
At line:1 char:1
+ & "C:\Program Files\nodejs/node.exe" "C:\Users\yashu\AppData\Roaming\ ...
+ ~~~~~~~~~~~~~~~~~~~~~~~~~~~~~~~~~~~~~~~~~~~~~~~~~~~~~~~~~~~~~~~~~~~~~
    + CategoryInfo          : NotSpecified: ([31merror during build::String) [], RemoteException
    + FullyQualifiedErrorId : NativeCommandError
 
TypeError: Patterns must be a string (non empty) or an array of strings
    at assertPatternsInput (C:\Users\yashu\OneDrive\Desktop\Sigma 8.0 Apna College\UniNotes\frontend\node_modules\fast-glob\out\index.js:99:15)
    at FastGlob (C:\Users\yashu\OneDrive\Desktop\Sigma 8.0 Apna College\UniNotes\frontend\node_modules\fast-glob\out\index.js:9:5)
    at configureStaticAssets (file:///C:/Users/yashu/OneDrive/Desktop/Sigma%208.0%20Apna%20College/UniNotes/frontend/node_modules/vite-plugin-pwa/dist/index.js:431:24)
    at resolveOptions (file:///C:/Users/yashu/OneDrive/Desktop/Sigma%208.0%20Apna%20College/UniNotes/frontend/node_modules/vite-plugin-pwa/dist/index.js:1081:11)
    at configResolved (file:///C:/Users/yashu/OneDrive/Desktop/Sigma%208.0%20Apna%20College/UniNotes/frontend/node_modules/vite-plugin-pwa/dist/index.js:1102:27)
    at file:///C:/Users/yashu/OneDrive/Desktop/Sigma%208.0%20Apna%20College/UniNotes/frontend/node_modules/vite/dist/node/chunks/dep-BK3b2jBa.js:66689:67
    at Array.map (<anonymous>)
    at resolveConfig (file:///C:/Users/yashu/OneDrive/Desktop/Sigma%208.0%20Apna%20College/UniNotes/frontend/node_modules/vite/dist/node/chunks/dep-BK3b2jBa.js:66689:53)
    at async build (file:///C:/Users/yashu/OneDrive/Desktop/Sigma%208.0%20Apna%20College/UniNotes/frontend/node_modules/vite/dist/node/chunks/dep-BK3b2jBa.js:65503:18)
    at async CAC.<anonymous> (file:///C:/Users/yashu/OneDrive/Desktop/Sigma%208.0%20Apna%20College/UniNotes/frontend/node_modules/vite/dist/node/cli.js:829:5)[39m
